// Jest Snapshot v1, https://goo.gl/fbAQLP

exports[`LoginPage snapshot 1`] = `
<div>
  <div
    class="loginPage"
  >
    <h1
      class="loginPage-title"
    >
      Log in to Adverts page
    </h1>
    <form>
      <div
        class="formField loginForm-field"
      >
        <label
          class="formField-label"
        >
          <span>
            phone, email or username
          </span>
          <input
            autocomplete="off"
            class="formField-input"
            name="email"
            type="text"
            value=""
          />
        </label>
      </div>
      <div
        class="formField loginForm-field"
      >
        <label
          class="formField-label"
        >
          <span>
            password
          </span>
          <input
            autocomplete="off"
            class="formField-input"
            name="password"
            type="password"
            value=""
          />
        </label>
      </div>
      <label>
        <input
          checked=""
          name="rememberPassword"
          type="checkbox"
          value="true"
        />
        Remember password
      </label>
      <button
        class="sc-beqWaB ctOVvj loginForm-submit"
        disabled=""
        type="submit"
      >
        Log in
      </button>
    </form>
  </div>
</div>
`;
